[web-week-2017-diablo.tp.mmi-lepuy.fr/index.html]
[backblue.gif]
[fade.gif]
[index.html]
[web-week-2017-diablo.tp.mmi-lepuy.fr/css/bootstrap/bootstrap.min.css]
[web-week-2017-diablo.tp.mmi-lepuy.fr/css/bootstrap/bootstrap-theme.css]
[web-week-2017-diablo.tp.mmi-lepuy.fr/css/swiper/swiper.css]
[web-week-2017-diablo.tp.mmi-lepuy.fr/css/swiper/swiper.min.css]
[web-week-2017-diablo.tp.mmi-lepuy.fr/css/font-awesome-4.7.0/css/font-awesome.min.css]
[web-week-2017-diablo.tp.mmi-lepuy.fr/css/simple-line-icons.css]
[web-week-2017-diablo.tp.mmi-lepuy.fr/css/style-chloeB.css]
[web-week-2017-diablo.tp.mmi-lepuy.fr/css/style-font.css]
[code.jquery.com/jquery-2.1.4.min.js]
[web-week-2017-diablo.tp.mmi-lepuy.fr/index-2.html]
[web-week-2017-diablo.tp.mmi-lepuy.fr/search.html]
[web-week-2017-diablo.tp.mmi-lepuy.fr/contact.html]
[web-week-2017-diablo.tp.mmi-lepuy.fr/image/CatheFaceIncline.png]
[web-week-2017-diablo.tp.mmi-lepuy.fr/image/LacBleuLac.png]
[web-week-2017-diablo.tp.mmi-lepuy.fr/js/jquery.min.js]
[web-week-2017-diablo.tp.mmi-lepuy.fr/admin/index.html]
[web-week-2017-diablo.tp.mmi-lepuy.fr/image/img5.jpg]
[web-week-2017-diablo.tp.mmi-lepuy.fr/js/swiper/swiper.js]
[web-week-2017-diablo.tp.mmi-lepuy.fr/index.html]
[web-week-2017-diablo.tp.mmi-lepuy.fr/css/bootstrap/bootstrap.min.css]
[web-week-2017-diablo.tp.mmi-lepuy.fr/css/bootstrap/bootstrap-theme.css]
[web-week-2017-diablo.tp.mmi-lepuy.fr/css/swiper/swiper.css]
[web-week-2017-diablo.tp.mmi-lepuy.fr/css/swiper/swiper.min.css]
[web-week-2017-diablo.tp.mmi-lepuy.fr/css/font-awesome-4.7.0/fonts/fontawesome-webfont3e6e.eot]
[web-week-2017-diablo.tp.mmi-lepuy.fr/css/font-awesome-4.7.0/fonts/fontawesome-webfontd41d.eot]
[web-week-2017-diablo.tp.mmi-lepuy.fr/css/font-awesome-4.7.0/fonts/fontawesome-webfont3e6e.woff]
[web-week-2017-diablo.tp.mmi-lepuy.fr/css/font-awesome-4.7.0/fonts/fontawesome-webfont3e6e.ttf]
[web-week-2017-diablo.tp.mmi-lepuy.fr/css/font-awesome-4.7.0/css/font-awesome.min.css]
[web-week-2017-diablo.tp.mmi-lepuy.fr/fonts/Simple-Line-Iconsb26c.eot]
[web-week-2017-diablo.tp.mmi-lepuy.fr/fonts/Simple-Line-Iconsb26c.ttf]
[web-week-2017-diablo.tp.mmi-lepuy.fr/fonts/Simple-Line-Iconsb26c.woff]
[web-week-2017-diablo.tp.mmi-lepuy.fr/css/simple-line-icons.css]
[web-week-2017-diablo.tp.mmi-lepuy.fr/image/img1.jpg]
[web-week-2017-diablo.tp.mmi-lepuy.fr/image/cover.jpg]
[web-week-2017-diablo.tp.mmi-lepuy.fr/css/style-chloeB.css]
[web-week-2017-diablo.tp.mmi-lepuy.fr/font/IBMPlexSans-SemiBold.otf]
[web-week-2017-diablo.tp.mmi-lepuy.fr/font/IBMPlexSans-Regular.otf]
[web-week-2017-diablo.tp.mmi-lepuy.fr/font/IBMPlexSans-Medium.otf]
[web-week-2017-diablo.tp.mmi-lepuy.fr/font/IBMPlexSans-Thin.otf]
[web-week-2017-diablo.tp.mmi-lepuy.fr/font/IBMPlexSans-Text.otf]
[web-week-2017-diablo.tp.mmi-lepuy.fr/font/IBMPlexSans-Bold.otf]
[web-week-2017-diablo.tp.mmi-lepuy.fr/font/IBMPlexSans-Light.otf]
[web-week-2017-diablo.tp.mmi-lepuy.fr/font/IBMPlexSans-ExtraLight.otf]
[web-week-2017-diablo.tp.mmi-lepuy.fr/font/IBMPlexSans-Italic.otf]
[web-week-2017-diablo.tp.mmi-lepuy.fr/css/style-font.css]
[web-week-2017-diablo.tp.mmi-lepuy.fr/index-2.html]
[web-week-2017-diablo.tp.mmi-lepuy.fr/uploads/GifCamino.gif]
[web-week-2017-diablo.tp.mmi-lepuy.fr/formulec4b0.html]
[web-week-2017-diablo.tp.mmi-lepuy.fr/uploads/RiviereMoulinVert.jpg]
[web-week-2017-diablo.tp.mmi-lepuy.fr/formulec4d5.html]
[web-week-2017-diablo.tp.mmi-lepuy.fr/formule9a6f.html]
[web-week-2017-diablo.tp.mmi-lepuy.fr/uploads/RocherAiguhilleFace.jpg]
[web-week-2017-diablo.tp.mmi-lepuy.fr/formule9e38.html]
[web-week-2017-diablo.tp.mmi-lepuy.fr/uploads/Mezenc photo internet.jpg]
[web-week-2017-diablo.tp.mmi-lepuy.fr/formule9a3e.html]
[web-week-2017-diablo.tp.mmi-lepuy.fr/uploads/CloitreEntreeSouterrain.png]
[web-week-2017-diablo.tp.mmi-lepuy.fr/formule220d.html]
[web-week-2017-diablo.tp.mmi-lepuy.fr/uploads/lac-bleu photo internet.jpg]
[web-week-2017-diablo.tp.mmi-lepuy.fr/formule03bb.html]
[web-week-2017-diablo.tp.mmi-lepuy.fr/uploads/cuisine photo internet.jpg]
[web-week-2017-diablo.tp.mmi-lepuy.fr/formulec335.html]
[web-week-2017-diablo.tp.mmi-lepuy.fr/formule6365.html]
[web-week-2017-diablo.tp.mmi-lepuy.fr/search.html]
[web-week-2017-diablo.tp.mmi-lepuy.fr/contact.html]
[web-week-2017-diablo.tp.mmi-lepuy.fr/css/font-awesome.min.css]
[web-week-2017-diablo.tp.mmi-lepuy.fr/admin/css/style.css]
[web-week-2017-diablo.tp.mmi-lepuy.fr/css/admin.css]
[web-week-2017-diablo.tp.mmi-lepuy.fr/admin/index-2.html]
[web-week-2017-diablo.tp.mmi-lepuy.fr/admin/pages/edit-page6fdc.html]
[web-week-2017-diablo.tp.mmi-lepuy.fr/admin/pages/list-page.html]
[web-week-2017-diablo.tp.mmi-lepuy.fr/admin/pages/image-uploader-page.html]
[web-week-2017-diablo.tp.mmi-lepuy.fr/admin/cat/edit-cat6fdc.html]
[web-week-2017-diablo.tp.mmi-lepuy.fr/admin/cat/list-cat.html]
[web-week-2017-diablo.tp.mmi-lepuy.fr/js/popper.js]
[web-week-2017-diablo.tp.mmi-lepuy.fr/js/bootstrap.min.js]
[web-week-2017-diablo.tp.mmi-lepuy.fr/js/pace.min.js]
[web-week-2017-diablo.tp.mmi-lepuy.fr/admin/js/app.js]
[web-week-2017-diablo.tp.mmi-lepuy.fr/admin/index.html]
[web-week-2017-diablo.tp.mmi-lepuy.fr/css/fonts/glyphicons-halflings-regular.html]
[web-week-2017-diablo.tp.mmi-lepuy.fr/css/fonts/glyphicons-halflings-regulard41d.html]
[web-week-2017-diablo.tp.mmi-lepuy.fr/css/fonts/glyphicons-halflings-regular-2.html]
[web-week-2017-diablo.tp.mmi-lepuy.fr/css/fonts/glyphicons-halflings-regular-3.html]
[web-week-2017-diablo.tp.mmi-lepuy.fr/css/fonts/glyphicons-halflings-regular-4.html]
[web-week-2017-diablo.tp.mmi-lepuy.fr/css/fonts/glyphicons-halflings-regular-5.html]
[web-week-2017-diablo.tp.mmi-lepuy.fr/css/font-awesome-4.7.0/fonts/fontawesome-webfont3e6e.html]
[web-week-2017-diablo.tp.mmi-lepuy.fr/css/font-awesome-4.7.0/fonts/fontawesome-webfont3e6e.svg]
[web-week-2017-diablo.tp.mmi-lepuy.fr/fonts/Simple-Line-Iconsb26c.html]
[web-week-2017-diablo.tp.mmi-lepuy.fr/fonts/Simple-Line-Iconsb26c.svg]
[web-week-2017-diablo.tp.mmi-lepuy.fr/image/LOGO.svg]
[web-week-2017-diablo.tp.mmi-lepuy.fr/image/range-slider.svg]
[web-week-2017-diablo.tp.mmi-lepuy.fr/image/cursor.svg]
[web-week-2017-diablo.tp.mmi-lepuy.fr/formulec4b0.html]
[web-week-2017-diablo.tp.mmi-lepuy.fr/formulec4d5.html]
[web-week-2017-diablo.tp.mmi-lepuy.fr/uploads/ViergeFace.jpg]
[web-week-2017-diablo.tp.mmi-lepuy.fr/formule9a6f.html]
[web-week-2017-diablo.tp.mmi-lepuy.fr/formule9e38.html]
[web-week-2017-diablo.tp.mmi-lepuy.fr/uploads/photo internet2.jpg]
[web-week-2017-diablo.tp.mmi-lepuy.fr/formule9a3e.html]
[web-week-2017-diablo.tp.mmi-lepuy.fr/uploads/RocherAiguhilleProfile.jpg]
[web-week-2017-diablo.tp.mmi-lepuy.fr/formule220d.html]
[web-week-2017-diablo.tp.mmi-lepuy.fr/uploads/spa photo internet.jpg]
[web-week-2017-diablo.tp.mmi-lepuy.fr/formule03bb.html]
[web-week-2017-diablo.tp.mmi-lepuy.fr/uploads/village.jpg]
[web-week-2017-diablo.tp.mmi-lepuy.fr/formulec335.html]
[web-week-2017-diablo.tp.mmi-lepuy.fr/formule6365.html]
[web-week-2017-diablo.tp.mmi-lepuy.fr/fonts/fontawesome-webfont3e6e.eot]
[web-week-2017-diablo.tp.mmi-lepuy.fr/fonts/fontawesome-webfontd41d.eot]
[web-week-2017-diablo.tp.mmi-lepuy.fr/fonts/fontawesome-webfont3e6e.woff]
[web-week-2017-diablo.tp.mmi-lepuy.fr/fonts/fontawesome-webfont3e6e.ttf]
[web-week-2017-diablo.tp.mmi-lepuy.fr/css/font-awesome.min.css]
[web-week-2017-diablo.tp.mmi-lepuy.fr/admin/img/logo.png]
[web-week-2017-diablo.tp.mmi-lepuy.fr/admin/img/logo-symbol.png]
[web-week-2017-diablo.tp.mmi-lepuy.fr/admin/css/style.css]
[web-week-2017-diablo.tp.mmi-lepuy.fr/css/admin.css]
[web-week-2017-diablo.tp.mmi-lepuy.fr/admin/index-2.html]
[web-week-2017-diablo.tp.mmi-lepuy.fr/uploads/CatheFaceClassique.jpg]
[web-week-2017-diablo.tp.mmi-lepuy.fr/uploads/CatheFaceIncline.jpg]
[web-week-2017-diablo.tp.mmi-lepuy.fr/uploads/CatheTroisQuart.jpg]
[web-week-2017-diablo.tp.mmi-lepuy.fr/admin/js/tinymce/tinymce.min.js]
[web-week-2017-diablo.tp.mmi-lepuy.fr/uploads/CloitreBatimentTour.jpg]
[web-week-2017-diablo.tp.mmi-lepuy.fr/uploads/CloitreEntree.jpg]
[web-week-2017-diablo.tp.mmi-lepuy.fr/uploads/Ellipse 3.png]
[web-week-2017-diablo.tp.mmi-lepuy.fr/uploads/GifCamino.jpg]
[web-week-2017-diablo.tp.mmi-lepuy.fr/uploads/GifFontaine.jpg]
[web-week-2017-diablo.tp.mmi-lepuy.fr/uploads/GifFumee.jpg]
[web-week-2017-diablo.tp.mmi-lepuy.fr/uploads/LacBleuCheminEnviront.jpg]
[web-week-2017-diablo.tp.mmi-lepuy.fr/uploads/LacBleuEnvirontNeige.jpg]
[web-week-2017-diablo.tp.mmi-lepuy.fr/uploads/LacBleuLac.png]
[web-week-2017-diablo.tp.mmi-lepuy.fr/uploads/LacBleuNature.jpg]
[web-week-2017-diablo.tp.mmi-lepuy.fr/uploads/PierreGauloise.png]
[web-week-2017-diablo.tp.mmi-lepuy.fr/uploads/RM photo internet.jpg]
[web-week-2017-diablo.tp.mmi-lepuy.fr/uploads/RiviereTherme.jpg]
[web-week-2017-diablo.tp.mmi-lepuy.fr/uploads/SKIDEFOND photo internet.jpg]
[web-week-2017-diablo.tp.mmi-lepuy.fr/uploads/SanctuaireFace.png]
[web-week-2017-diablo.tp.mmi-lepuy.fr/uploads/Sante-burgomcollaslug.jpg]
[web-week-2017-diablo.tp.mmi-lepuy.fr/uploads/ViergePlace.jpg]
[web-week-2017-diablo.tp.mmi-lepuy.fr/uploads/Vinyl-Record-and-Cover-Presentation-Mock-up-lg.jpg]
[web-week-2017-diablo.tp.mmi-lepuy.fr/uploads/image.jpg]
[web-week-2017-diablo.tp.mmi-lepuy.fr/uploads/logo.png]
[web-week-2017-diablo.tp.mmi-lepuy.fr/uploads/photo internet estables.jpg]
[web-week-2017-diablo.tp.mmi-lepuy.fr/uploads/photo internet.jpg]
[web-week-2017-diablo.tp.mmi-lepuy.fr/uploads/riva message 1.jpg]
[web-week-2017-diablo.tp.mmi-lepuy.fr/uploads/village photo internet.jpg]
[web-week-2017-diablo.tp.mmi-lepuy.fr/admin/js/plupload/plupload.full.min.js]
[web-week-2017-diablo.tp.mmi-lepuy.fr/admin/pages/edit-page6fdc.html]
[web-week-2017-diablo.tp.mmi-lepuy.fr/admin/pages/uploader.html]
[web-week-2017-diablo.tp.mmi-lepuy.fr/admin/pages/edit-pagee1f5.html]
[web-week-2017-diablo.tp.mmi-lepuy.fr/admin/pages/edit-pagecc62.html]
[web-week-2017-diablo.tp.mmi-lepuy.fr/admin/pages/edit-pageca61.html]
[web-week-2017-diablo.tp.mmi-lepuy.fr/admin/pages/edit-paged20f.html]
[web-week-2017-diablo.tp.mmi-lepuy.fr/admin/pages/edit-paged839.html]
[web-week-2017-diablo.tp.mmi-lepuy.fr/admin/pages/edit-page333f.html]
[web-week-2017-diablo.tp.mmi-lepuy.fr/admin/pages/edit-page10b0.html]
[web-week-2017-diablo.tp.mmi-lepuy.fr/admin/pages/list-page.html]
[web-week-2017-diablo.tp.mmi-lepuy.fr/admin/pages/edit-pageb0c4.html]
[web-week-2017-diablo.tp.mmi-lepuy.fr/admin/pages/edit-page4a7a.html]
[web-week-2017-diablo.tp.mmi-lepuy.fr/admin/pages/image-uploader-page.html]
[web-week-2017-diablo.tp.mmi-lepuy.fr/admin/cat/edit-cat6fdc.html]
[web-week-2017-diablo.tp.mmi-lepuy.fr/admin/cat/edit-cat7356.html]
[web-week-2017-diablo.tp.mmi-lepuy.fr/admin/cat/edit-catde6c.html]
[web-week-2017-diablo.tp.mmi-lepuy.fr/admin/cat/edit-catfc61.html]
[web-week-2017-diablo.tp.mmi-lepuy.fr/admin/cat/edit-catf63a.html]
[web-week-2017-diablo.tp.mmi-lepuy.fr/admin/cat/edit-cat345e.html]
[web-week-2017-diablo.tp.mmi-lepuy.fr/admin/cat/list-cat.html]
[web-week-2017-diablo.tp.mmi-lepuy.fr/fonts/fontawesome-webfont3e6e.html]
[web-week-2017-diablo.tp.mmi-lepuy.fr/fonts/fontawesome-webfont3e6e.svg]
[web-week-2017-diablo.tp.mmi-lepuy.fr/admin/cat/edit-cat853a.html]
[web-week-2017-diablo.tp.mmi-lepuy.fr/admin/pages/uploader.html]
[web-week-2017-diablo.tp.mmi-lepuy.fr/admin/pages/edit-pagee1f5.html]
[web-week-2017-diablo.tp.mmi-lepuy.fr/admin/pages/edit-pagecc62.html]
[web-week-2017-diablo.tp.mmi-lepuy.fr/admin/pages/edit-pageca61.html]
[web-week-2017-diablo.tp.mmi-lepuy.fr/admin/pages/edit-paged20f.html]
[web-week-2017-diablo.tp.mmi-lepuy.fr/admin/pages/edit-paged839.html]
[web-week-2017-diablo.tp.mmi-lepuy.fr/admin/pages/edit-page333f.html]
[web-week-2017-diablo.tp.mmi-lepuy.fr/admin/pages/edit-page10b0.html]
[web-week-2017-diablo.tp.mmi-lepuy.fr/admin/pages/edit-pageb0c4.html]
[web-week-2017-diablo.tp.mmi-lepuy.fr/admin/pages/edit-page4a7a.html]
[web-week-2017-diablo.tp.mmi-lepuy.fr/admin/pages/CatheFaceClassique.html]
[web-week-2017-diablo.tp.mmi-lepuy.fr/admin/pages/CatheFaceIncline.html]
[web-week-2017-diablo.tp.mmi-lepuy.fr/admin/pages/CatheTroisQuart.html]
[web-week-2017-diablo.tp.mmi-lepuy.fr/admin/pages/CloitreBatimentTour.html]
[web-week-2017-diablo.tp.mmi-lepuy.fr/admin/pages/CloitreEntree.html]
[web-week-2017-diablo.tp.mmi-lepuy.fr/admin/pages/CloitreEntreeSouterrain.html]
[web-week-2017-diablo.tp.mmi-lepuy.fr/admin/pages/Ellipse 3.html]
[web-week-2017-diablo.tp.mmi-lepuy.fr/admin/pages/GifCamino.html]
[web-week-2017-diablo.tp.mmi-lepuy.fr/admin/pages/GifCamino-2.html]
[web-week-2017-diablo.tp.mmi-lepuy.fr/admin/pages/GifFontaine.html]
[web-week-2017-diablo.tp.mmi-lepuy.fr/admin/pages/GifFumee.html]
[web-week-2017-diablo.tp.mmi-lepuy.fr/admin/pages/LacBleuCheminEnviront.html]
[web-week-2017-diablo.tp.mmi-lepuy.fr/admin/pages/LacBleuEnvirontNeige.html]
[web-week-2017-diablo.tp.mmi-lepuy.fr/admin/pages/LacBleuLac.html]
[web-week-2017-diablo.tp.mmi-lepuy.fr/admin/pages/LacBleuNature.html]
[web-week-2017-diablo.tp.mmi-lepuy.fr/admin/pages/Mezenc photo internet.html]
[web-week-2017-diablo.tp.mmi-lepuy.fr/admin/pages/PierreGauloise.html]
[web-week-2017-diablo.tp.mmi-lepuy.fr/admin/pages/RM photo internet.html]
[web-week-2017-diablo.tp.mmi-lepuy.fr/admin/pages/RiviereMoulinVert.html]
[web-week-2017-diablo.tp.mmi-lepuy.fr/admin/pages/RiviereTherme.html]
[web-week-2017-diablo.tp.mmi-lepuy.fr/admin/pages/RocherAiguhilleFace.html]
[web-week-2017-diablo.tp.mmi-lepuy.fr/admin/pages/RocherAiguhilleProfile.html]
[web-week-2017-diablo.tp.mmi-lepuy.fr/admin/pages/SKIDEFOND photo internet.html]
[web-week-2017-diablo.tp.mmi-lepuy.fr/admin/pages/SanctuaireFace.html]
[web-week-2017-diablo.tp.mmi-lepuy.fr/admin/pages/Sante-burgomcollaslug.html]
[web-week-2017-diablo.tp.mmi-lepuy.fr/admin/pages/ViergeFace.html]
[web-week-2017-diablo.tp.mmi-lepuy.fr/admin/pages/ViergePlace.html]
[web-week-2017-diablo.tp.mmi-lepuy.fr/admin/pages/Vinyl-Record-and-Cover-Presentation-Mock-up-lg.html]
[web-week-2017-diablo.tp.mmi-lepuy.fr/admin/pages/cuisine photo internet.html]
[web-week-2017-diablo.tp.mmi-lepuy.fr/admin/pages/image.html]
[web-week-2017-diablo.tp.mmi-lepuy.fr/admin/pages/lac-bleu photo internet.html]
[web-week-2017-diablo.tp.mmi-lepuy.fr/admin/pages/logo.html]
[web-week-2017-diablo.tp.mmi-lepuy.fr/admin/pages/photo internet estables.html]
[web-week-2017-diablo.tp.mmi-lepuy.fr/admin/pages/photo internet.html]
[web-week-2017-diablo.tp.mmi-lepuy.fr/admin/pages/photo internet2.html]
[web-week-2017-diablo.tp.mmi-lepuy.fr/admin/pages/riva message 1.html]
[web-week-2017-diablo.tp.mmi-lepuy.fr/admin/pages/spa photo internet.html]
[web-week-2017-diablo.tp.mmi-lepuy.fr/admin/pages/village photo internet.html]
[web-week-2017-diablo.tp.mmi-lepuy.fr/admin/pages/village.html]
[web-week-2017-diablo.tp.mmi-lepuy.fr/admin/cat/edit-page6fdc.html]
[web-week-2017-diablo.tp.mmi-lepuy.fr/admin/cat/edit-cat7356.html]
[web-week-2017-diablo.tp.mmi-lepuy.fr/admin/cat/edit-catde6c.html]
[web-week-2017-diablo.tp.mmi-lepuy.fr/admin/cat/edit-catfc61.html]
[web-week-2017-diablo.tp.mmi-lepuy.fr/admin/cat/edit-catf63a.html]
[web-week-2017-diablo.tp.mmi-lepuy.fr/admin/cat/edit-cat345e.html]
[web-week-2017-diablo.tp.mmi-lepuy.fr/admin/cat/edit-cat853a.html]
